# Logfile created on Mon Jun 09 15:47:59 -0400 2008 by /
